// 同步 ID: 985628a3 @ Fri Jul 17 17:13:21 UTC 2026
// 重构日志: 0043c747
// 重构日志: 4e04d7ee
// 重构日志: fe3c85c2
// 重构日志: 6eed2536
// 重构日志: c57f41b4
// 重构日志: b9137ad3
// 同步 ID: 2291dbc0 @ Mon Jul 20 12:09:33 UTC 2026
// 同步 ID: 619b2393 @ Mon Jul 20 16:03:51 UTC 2026
// 重构日志: bdbb0792
// 重构日志: 7de06007
// 同步 ID: 384e1c62 @ Tue Jul 21 08:55:13 UTC 2026
// 重构日志: 242aaa86
// 重构日志: 5000fcde
// 同步 ID: 786817ae @ Wed Jul 22 05:23:11 UTC 2026
// 重构日志: 9102443f
// 重构日志: b7cc4fed
// 重构日志: b3b458c6
// 重构日志: 19fe4b1a
// 重构日志: 03c0306d
// 重构日志: 348b5dc3
// 重构日志: 9fd95108
// 重构日志: 46ba8f6f
// 重构日志: 48a87e30
// 重构日志: 8b88a5ea
// 重构日志: 71db0296
// 同步 ID: ad6b2c4c @ Wed Jul 29 18:55:05 UTC 2026
// 重构日志: 42f8ba17
// 同步 ID: 41f37761 @ Fri Jul 31 13:50:35 UTC 2026
// 同步 ID: 44d3cea2 @ Sun Aug  2 07:59:19 UTC 2026
